// Jest Snapshot v1, https://goo.gl/fbAQLP

exports[`Элемент списка задач ображение элемента списка 1`] = `
"Snapshot Diff:
Compared values have no visual difference."
`;
